AzureAD+ImamMuttaqien@Unit75-MP1TZN3R MINGW64 ~
$ ls
'3D Objects'/
 AppData/
'Application Data'@
 Contacts/
 Cookies@
 Desktop/
 Documents/
 Downloads/
 Favorites/
 IntelGraphicsProfiles/
 Links/
'Local Settings'@
 Music/
'My Documents'@
 NTUSER.DAT
 NTUSER.DAT{4b1a357d-11e0-11eb-ad73-dab8f564dd90}.TxR.0.regtrans-ms
 NTUSER.DAT{4b1a357d-11e0-11eb-ad73-dab8f564dd90}.TxR.1.regtrans-ms
 NTUSER.DAT{4b1a357d-11e0-11eb-ad73-dab8f564dd90}.TxR.2.regtrans-ms
 NTUSER.DAT{4b1a357d-11e0-11eb-ad73-dab8f564dd90}.TxR.blf
 NTUSER.DAT{4b1a357e-11e0-11eb-ad73-dab8f564dd90}.TM.blf
 NTUSER.DAT{4b1a357e-11e0-11eb-ad73-dab8f564dd90}.TMContainer00000000000000000001.regtrans-ms
 NTUSER.DAT{4b1a357e-11e0-11eb-ad73-dab8f564dd90}.TMContainer00000000000000000002.regtrans-ms
 NetHood@
 OneDrive/
 Pictures/
 PrintHood@
 Recent@
'Saved Games'/
 Searches/
 SendTo@
'Start Menu'@
 Templates@
 Videos/
 ntuser.dat.LOG1
 ntuser.dat.LOG2
 ntuser.ini

AzureAD+ImamMuttaqien@Unit75-MP1TZN3R MINGW64 ~
$ cd C:\D\office\git
bash: cd: C:Dofficegit: No such file or directory

AzureAD+ImamMuttaqien@Unit75-MP1TZN3R MINGW64 ~
$ cd C:\
>

AzureAD+ImamMuttaqien@Unit75-MP1TZN3R MINGW64 /c
$

AzureAD+ImamMuttaqien@Unit75-MP1TZN3R MINGW64 /c
$ cd D

AzureAD+ImamMuttaqien@Unit75-MP1TZN3R MINGW64 /c/D
$ ls
office/  tools/

AzureAD+ImamMuttaqien@Unit75-MP1TZN3R MINGW64 /c/D
$ cd office/

AzureAD+ImamMuttaqien@Unit75-MP1TZN3R MINGW64 /c/D/office
$ ls
 Docker/   TE/   dokument/   git/  'manusia gunung'/

AzureAD+ImamMuttaqien@Unit75-MP1TZN3R MINGW64 /c/D/office
$ cd git/

AzureAD+ImamMuttaqien@Unit75-MP1TZN3R MINGW64 /c/D/office/git
$ git init
Initialized empty Git repository in C:/D/office/git/.git/

AzureAD+ImamMuttaqien@Unit75-MP1TZN3R MINGW64 /c/D/office/git (master)
$ git remote add origin https://github.com/imammotaqin/hubahuba.git

AzureAD+ImamMuttaqien@Unit75-MP1TZN3R MINGW64 /c/D/office/git (master)
$ git remote -v
origin  https://github.com/imammotaqin/hubahuba.git (fetch)
origin  https://github.com/imammotaqin/hubahuba.git (push)

AzureAD+ImamMuttaqien@Unit75-MP1TZN3R MINGW64 /c/D/office/git (master)
$ git add .

AzureAD+ImamMuttaqien@Unit75-MP1TZN3R MINGW64 /c/D/office/git (master)
$ git commit -m "First Commit"
[master (root-commit) 255ef16] First Commit
 Committer: Imam Muttaqien <imuttaqien@unit75.com>
Your name and email address were configured automatically based
on your username and hostname. Please check that they are accurate.
You can suppress this message by setting them explicitly. Run the
following command and follow the instructions in your editor to edit
your configuration file:

    git config --global --edit

After doing this, you may fix the identity used for this commit with:

    git commit --amend --reset-author

 1 file changed, 11 insertions(+)
 create mode 100644 ntp.yml

AzureAD+ImamMuttaqien@Unit75-MP1TZN3R MINGW64 /c/D/office/git (master)
$ git push origin master
info: please complete authentication in your browser...
Enumerating objects: 3, done.
Counting objects: 100% (3/3), done.
Delta compression using up to 8 threads
Compressing objects: 100% (2/2), done.
Writing objects: 100% (3/3), 368 bytes | 368.00 KiB/s, done.
Total 3 (delta 0), reused 0 (delta 0), pack-reused 0
To https://github.com/imammotaqin/hubahuba.git
 * [new branch]      master -> master

AzureAD+ImamMuttaqien@Unit75-MP1TZN3R MINGW64 /c/D/office/git (master)
$ git help
usage: git [--version] [--help] [-C <path>] [-c <name>=<value>]
           [--exec-path[=<path>]] [--html-path] [--man-path] [--info-path]
           [-p | --paginate | -P | --no-pager] [--no-replace-objects] [--bare]
           [--git-dir=<path>] [--work-tree=<path>] [--namespace=<name>]
           <command> [<args>]

These are common Git commands used in various situations:

start a working area (see also: git help tutorial)
   clone             Clone a repository into a new directory
   init              Create an empty Git repository or reinitialize an existing
one

work on the current change (see also: git help everyday)
   add               Add file contents to the index
   mv                Move or rename a file, a directory, or a symlink
   restore           Restore working tree files
   rm                Remove files from the working tree and from the index
   sparse-checkout   Initialize and modify the sparse-checkout

examine the history and state (see also: git help revisions)
   bisect            Use binary search to find the commit that introduced a bug
   diff              Show changes between commits, commit and working tree, etc
   grep              Print lines matching a pattern
   log               Show commit logs
   show              Show various types of objects
   status            Show the working tree status

grow, mark and tweak your common history
   branch            List, create, or delete branches
   commit            Record changes to the repository
   merge             Join two or more development histories together
   rebase            Reapply commits on top of another base tip
   reset             Reset current HEAD to the specified state
   switch            Switch branches
   tag               Create, list, delete or verify a tag object signed with GPG


collaborate (see also: git help workflows)
   fetch             Download objects and refs from another repository
   pull              Fetch from and integrate with another repository or a local
 branch
   push              Update remote refs along with associated objects

'git help -a' and 'git help -g' list available subcommands and some
concept guides. See 'git help <command>' or 'git help <concept>'
to read about a specific subcommand or concept.
See 'git help git' for an overview of the system.

AzureAD+ImamMuttaqien@Unit75-MP1TZN3R MINGW64 /c/D/office/git (master)
$ git help fetch

AzureAD+ImamMuttaqien@Unit75-MP1TZN3R MINGW64 /c/D/office/git (master)
$ git fetch --all
Fetching origin

AzureAD+ImamMuttaqien@Unit75-MP1TZN3R MINGW64 /c/D/office/git (master)
$
